// Jest Snapshot v1, https://goo.gl/fbAQLP

exports[`renders a FacebookLogo 1`] = `
<div>
  <svg
    class="sc-bdnxRM"
    fill="none"
    height="17"
    viewBox="0 0 8 17"
    width="8"
    xmlns="http://www.w3.org/2000/svg"
  >
    <path
      clip-rule="evenodd"
      d="M5.31904 17H1.77236V8.5H0V5.57H1.77236V3.81161C1.77236 1.42295 2.77358 0 5.6154 0H7.98245V2.93H6.50353C5.39703 2.93 5.32293 3.33987 5.32293 4.10355L5.31904 5.57H8L7.68608 8.5H5.31904V17Z"
      fill="#9B9B9B"
      fill-rule="evenodd"
    />
  </svg>
</div>
`;

exports[`renders a TwitterLogo 1`] = `
<div>
  <svg
    class="sc-bdnxRM"
    fill="none"
    height="14"
    viewBox="0 0 17 14"
    width="17"
    xmlns="http://www.w3.org/2000/svg"
  >
    <path
      clip-rule="evenodd"
      d="M15.2602 3.48683C15.2663 3.63859 15.2699 3.79124 15.2699 3.94478C15.2699 8.61532 11.762 14 5.34719 14C3.37745 14 1.54425 13.4153 0 12.4128C0.273085 12.4449 0.550575 12.4619 0.83247 12.4619C2.46658 12.4619 3.97031 11.8968 5.16395 10.9488C3.63732 10.9202 2.34941 9.89811 1.90631 8.49391C2.11861 8.53587 2.33708 8.55818 2.56172 8.55818C2.87973 8.55818 3.18805 8.51444 3.48052 8.4341C1.88517 8.10916 0.683594 6.68086 0.683594 4.96869C0.683594 4.95352 0.683594 4.93834 0.683594 4.92406C1.15401 5.18829 1.69137 5.34719 2.26308 5.36594C1.32755 4.73213 0.711784 3.65019 0.711784 2.42454C0.711784 1.77645 0.883563 1.16942 1.18396 0.647198C2.90439 2.78518 5.47404 4.19295 8.37227 4.34024C8.31324 4.08136 8.28241 3.81177 8.28241 3.53415C8.28241 1.58273 9.8434 0 11.77 0C12.7733 0 13.6798 0.429382 14.3158 1.11675C15.1104 0.957852 15.8566 0.664159 16.5305 0.258879C16.2706 1.08372 15.7174 1.77645 14.9968 2.21386C15.7024 2.12906 16.3745 1.93891 17 1.65772C16.5322 2.36651 15.9411 2.98871 15.2602 3.48683Z"
      fill="#9B9B9B"
      fill-rule="evenodd"
    />
  </svg>
</div>
`;

exports[`renders a YoutubeLogo 1`] = `
<div>
  <svg
    class="sc-bdnxRM"
    fill="none"
    height="15"
    viewBox="0 0 20 15"
    width="20"
    xmlns="http://www.w3.org/2000/svg"
  >
    <path
      clip-rule="evenodd"
      d="M7.935 10.2661L7.93437 4.274L13.3381 7.2804L7.935 10.2661ZM19.8 3.23566C19.8 3.23566 19.6044 1.76612 19.005 1.11899C18.2444 0.26925 17.3919 0.265251 17.0012 0.215933C14.2025 0 10.0044 0 10.0044 0H9.99562C9.99562 0 5.7975 0 2.99875 0.215933C2.6075 0.265251 1.75563 0.26925 0.994375 1.11899C0.395 1.76612 0.2 3.23566 0.2 3.23566C0.2 3.23566 0 4.96179 0 6.68725V8.30542C0 10.0315 0.2 11.757 0.2 11.757C0.2 11.757 0.395 13.2266 0.994375 13.8737C1.75563 14.7234 2.755 14.6968 3.2 14.7854C4.8 14.9493 10 15 10 15C10 15 14.2025 14.9933 17.0012 14.7774C17.3919 14.7274 18.2444 14.7234 19.005 13.8737C19.6044 13.2266 19.8 11.757 19.8 11.757C19.8 11.757 20 10.0315 20 8.30542V6.68725C20 4.96179 19.8 3.23566 19.8 3.23566Z"
      fill="#9B9B9B"
      fill-rule="evenodd"
    />
  </svg>
</div>
`;
